// Jest Snapshot v1, https://goo.gl/fbAQLP

exports[`<App /> Render App component 1`] = `"Loading Maps"`;
